#                                                     
# Delft3D 4.01.00, MSWindows                   
#                                                     
#                                                     
# Version numbers of Delft3D executables              
#                                                     
# Grid and bathymetry modules                         
#                                                     
C:\Program Files (x86)\Deltares\Delft3D 4.01.00\win32\plugins\bin\rgfgrid.dll
         Deltares, DELTARES_COMMON Version 1.00.00.3599, Jun 17 2014, 15:16:01
         Deltares, Delft3D library, READ_RGF, Version 1.04.00; Feb 23 2008
         Deltares, RGFGRID Version 4.20.00.34496, Jun 17 2014, 15:15:54
C:\Program Files (x86)\Deltares\Delft3D 4.01.00\win32\plugins\bin\quickin.dll
         Deltares, DELTARES_COMMON Version 1.00.00.3599, Jun 17 2014, 16:59:23
         Deltares, Delft3D library, READ_RGF, Version 1.04.00; Feb 23 2008
         Deltares, QUICKIN Version 4.20.00.34503, Jun 17 2014, 16:59:20
C:\Program Files (x86)\Deltares\Delft3D 4.01.00\win32\plugins\bin\dido.dll
         Intel Fortran RTL Message Catalog	V14.0-103 Apr 10 2014
         Deltares, DELTARES_COMMON Version 1.00.00.3599, Jun 17 2014, 15:16:01
         Deltares, Delft3D library, READ_RGF, Version 1.04.00; Feb 23 2008
         Deltares, D-Water_Quality_DIDO Version 4.06.00.34496, Jun 17 2014, 15:15:56
C:\Program Files (x86)\Deltares\Delft3D 4.01.00\win32\plugins\bin\remoteolv.dll
         Deltares, DELTARES_COMMON Version 1.00.00.3599, Jun 17 2014, 15:16:01
         Deltares, Delft3D library, READ_RGF, Version 1.04.00; Feb 23 2008
         Intel Fortran RTL Message Catalog	V14.0-103 Apr 10 2014
         Deltares, RemoteOLV Version 4.01.02.34496M, Jun 17 2014, 15:15:58
C:\Program Files (x86)\Deltares\Delft3D 4.01.00\win32\plugins\bin\delftonline.dll
         Deltares, DELFTONLINE Version 2.00.00.3058, Oct 24 2013, 14:04:42
#                                                     
# Hydrodynamics module FLOW                           
#                                                     
C:\Program Files (x86)\Deltares\Delft3D 4.01.00\win32\flow2d3d\bin\d_hydro.exe
         Deltares, D_HYDRO Version 3.00.00.3574, Apr  2 2014, 11:31:51
C:\Program Files (x86)\Deltares\Delft3D 4.01.00\win32\flow2d3d\bin\flow_gui.exe
         yaccpar	6.16	99/01/20 SMI
         ncform	6.11	97/01/06 SMI
         yaccpar	6.16	99/01/20 SMI
         Deltares, Delft3D-FLOW GUI, Version 3.56.29165, Jul 12 2013, 16:56:02
         WL | Delft Hydraulics, Delft3D Library: Editor (Visualisation Area), version 2.01.13, Jul 12 2013
         WL | Delft Hydraulics, Delft3D Library: Editor (Visualisation Area), version 2.01.13, Jul 12 2013
         WL | Delft Hydraulics, Delft3D Library: Editor (Visualisation Area), version 2.01.13, Jul 12 2013
         WL | Delft Hydraulics, Delft3D Library: Editor (Visualisation Area), version 2.01.13, Jul 12 2013
         WL | Delft Hydraulics, Delft3D Library: Editor (Visualisation Area), version 2.01.13, Jul 12 2013
         WL | Delft Hydraulics, Delft3D Library: Editor (Visualisation Area), version 2.01.13, Jul 12 2013
         WL | Delft Hydraulics, Delft3D library: xyseries, version 1.02.04, Apr  8 2013
C:\Program Files (x86)\Deltares\Delft3D 4.01.00\win32\flow2d3d\bin\mormerge.exe
         Deltares, DELTARES_COMMON Version 1.00.00.3574, Apr 02 2014, 11:01:34
         Deltares, Mormerge Version 3.211.04.3574, Apr  2 2014, 11:30:57
C:\Program Files (x86)\Deltares\Delft3D 4.01.00\win32\flow2d3d\bin\flow2d3d.dll
          $HeadURL: https://svn.oss.deltares.nl/repos/delft3d/trunk/src/utils_lgpl/deltares_common/packages/deltares_common/src/deltares_common_version.F90.svn $
         Deltares, DELTARES_COMMON Version 1.00.00.3574, Apr 02 2014, 11:01:34
         Deltares, DELFTIO Version 1.09.00.3574, Apr 02 2014, 11:02:04
         Deltares, NEFIS Version 5.07.02.3574, Apr  2 2014, 11:01:25
         Deltares, ESMFSM Version 4.06.00.3574, Apr  2 2014, 11:01:44
         Deltares, FLOW2D3D Version 6.01.07.3574, Apr  2 2014, 11:35:11
C:\Program Files (x86)\Deltares\Delft3D 4.01.00\win32\flow2d3d\bin\flow2d3d_sp.dll
          $HeadURL: https://svn.oss.deltares.nl/repos/delft3d/trunk/src/utils_lgpl/deltares_common/packages/deltares_common/src/deltares_common_version.F90.svn $
         Deltares, DELTARES_COMMON Version 1.00.00.3574M, Apr 02 2014, 11:07:51
         Deltares, DELFTIO Version 1.09.00.3574, Apr 02 2014, 11:08:42
         Deltares, NEFIS Version 5.07.02.3574, Apr  2 2014, 11:08:07
         Deltares, ESMFSM Version 4.06.00.3574, Apr  2 2014, 11:08:29
         Deltares, FLOW2D3D Version 6.01.07.3574M, Apr  2 2014, 11:42:32
C:\Program Files (x86)\Deltares\Delft3D 4.01.00\win32\flow2d3d\bin\delftonline.dll
         Deltares, DELFTONLINE Version 2.00.00.3574, Apr  2 2014, 11:07:47
#                                                     
# Hydrodynamics module FLOW+RTC, additional tools     
#                                                     
C:\Program Files (x86)\Deltares\Delft3D 4.01.00\win32\rtc\bin\rtc.exe
         Intel Fortran RTL Message Catalog	V11.0-103 23-Dec-2008
         Deltares, Authorisation module, Version 5.02.00.92, Sep 15 2009, 15:51:42
          FLEXnet Licensing v11.5.0.0 build 56285 i86_n3 (lmgr.lib), Copyright (c) 1988-2007 Macrovision Europe Ltd. and/or Macrovision Corporation. All Rights Reserved.
         Deltares, RR_RTC_TOOLS Version 1.00.00.11116M, Apr  1 2010, 16:18:47
         Deltares, UTILS_FLOW Version 2.03.01.9339:10161, Jan 13 2010, 11:30:35
         Deltares, RTC Version 3.212.7.11211:11212M, Apr 12 2010, 17:15:28
         Deltares, DELFTIO Version 1.08.00.11116M, Apr  1 2010, 16:18:48
         Deltares, WL_OPENMI_SUPPORT Version 1.00.00.11116M, Apr  1 2010, 16:18:45
C:\Program Files (x86)\Deltares\Delft3D 4.01.00\win32\flow2d3d\bin\nesthd1.exe
         Deltares, NESTHD1 Version 1.60.00.3574, Apr 02 2014, 11:32:53
         Deltares, DELTARES_COMMON Version 1.00.00.3574, Apr 02 2014, 11:01:34
C:\Program Files (x86)\Deltares\Delft3D 4.01.00\win32\flow2d3d\bin\nesthd2.exe
         Deltares, NESTHD2 Version 1.60.00.3574, Apr 02 2014, 11:33:33
         Deltares, DELTARES_COMMON Version 1.00.00.3574, Apr 02 2014, 11:01:34
         Deltares, NEFIS Version 5.07.02.3574, Apr  2 2014, 11:01:25
C:\Program Files (x86)\Deltares\Delft3D 4.01.00\win32\flow2d3d\bin\triana.exe
         Intel Fortran RTL Message Catalog	V11.1-005 01-Jul-2009
         Deltares, TRIANA Version 3.07.03.14049, Dec 10 2010, 13:23:06
         Deltares, NEFIS Version 5.06.00.14049, Dec 10 2010, 13:22:27
C:\Program Files (x86)\Deltares\Delft3D 4.01.00\win32\flow2d3d\bin\datsel.exe
         Deltares, DELTARES_COMMON Version 1.00.00.3574, Apr 02 2014, 11:01:34
         Deltares, DATSEL Version 2.13.00.3574, Apr  2 2014, 11:30:06
         Deltares, NEFIS Version 5.07.02.3574, Apr  2 2014, 11:01:25
C:\Program Files (x86)\Deltares\Delft3D 4.01.00\win32\flow2d3d\bin\lint.exe
         Deltares, LINT Version 2.02.01.3574, Apr  2 2014, 11:29:52
C:\Program Files (x86)\Deltares\Delft3D 4.01.00\win32\flow2d3d\bin\kubint.exe
         Deltares, KUBINT Version 2.02.01.3574, Apr  2 2014, 11:29:46
C:\Program Files (x86)\Deltares\Delft3D 4.01.00\win32\tide\bin\tide.exe
         Deltares, TIDE Version 5.00.00.32968, Mar 25 2014, 10:06:44
C:\Program Files (x86)\Deltares\Delft3D 4.01.00\win32\tide\bin\tide_analysis.exe
         Intel Fortran RTL Message Catalog	V13.1-101 Aug 09 2012
         Deltares, TIDE Version 5.00.01.33930, May 13 2014, 11:36:31
C:\Program Files (x86)\Deltares\Delft3D 4.01.00\win32\tide\bin\tide_ascon.exe
         Intel Fortran RTL Message Catalog	V13.1-101 Aug 09 2012
         Deltares, TIDE Version 5.00.01.33930, May 13 2014, 11:36:31
C:\Program Files (x86)\Deltares\Delft3D 4.01.00\win32\tide\bin\tide_fft.exe
         Intel Fortran RTL Message Catalog	V13.1-101 Aug 09 2012
         Deltares, TIDE Version 5.00.01.33930, May 13 2014, 11:36:31
C:\Program Files (x86)\Deltares\Delft3D 4.01.00\win32\tide\bin\tide_four.exe
         Intel Fortran RTL Message Catalog	V13.1-101 Aug 09 2012
         Deltares, TIDE Version 5.00.01.33930, May 13 2014, 11:36:31
C:\Program Files (x86)\Deltares\Delft3D 4.01.00\win32\tide\bin\tide_hilow.exe
         Intel Fortran RTL Message Catalog	V13.1-101 Aug 09 2012
         Deltares, TIDE Version 5.00.01.33930, May 13 2014, 11:36:31
C:\Program Files (x86)\Deltares\Delft3D 4.01.00\win32\tide\bin\tide_hilow_gui.exe
         Intel Fortran RTL Message Catalog	V13.1-101 Aug 09 2012
         Deltares, TIDE Version 5.00.01.33930, May 13 2014, 11:36:31
C:\Program Files (x86)\Deltares\Delft3D 4.01.00\win32\tide\bin\tide_predict.exe
         Intel Fortran RTL Message Catalog	V13.1-101 Aug 09 2012
         Deltares, TIDE Version 5.00.01.33930, May 13 2014, 11:36:31
C:\Program Files (x86)\Deltares\Delft3D 4.01.00\win32\tide\bin\tide_predict_gui.exe
         Intel Fortran RTL Message Catalog	V13.1-101 Aug 09 2012
         Deltares, TIDE Version 5.00.01.33930, May 13 2014, 11:36:31
#                                                     
# Wave module WAVE                                    
#                                                     
C:\Program Files (x86)\Deltares\Delft3D 4.01.00\win32\wave\bin\wave_gui.exe
         Intel Fortran RTL Message Catalog	V13.1-101 Aug 09 2012
         Deltares, Delft3D-WAVE GUI, Version 4.94.05.34107, May 23 2014, 14:10:57
         WL | Delft Hydraulics, Delft3D Library: Editor (Visualisation Area), version 2.02.01, May 23 2014
         WL | Delft Hydraulics, Delft3D Library: Editor (Visualisation Area), version 2.02.01, May 23 2014
         WL | Delft Hydraulics, Delft3D Library: Editor (Visualisation Area), version 2.02.01, May 23 2014
         WL | Delft Hydraulics, Delft3D Library: Editor (Visualisation Area), version 2.02.01, May 23 2014
         WL | Delft Hydraulics, Delft3D Library: Editor (Visualisation Area), version 2.02.01, May 23 2014
C:\Program Files (x86)\Deltares\Delft3D 4.01.00\win32\wave\bin\wave.exe
         Deltares, Delft3D-WAVE Version 3.04.02.3574, Apr 02 2014, 11:32:10
         Deltares, DELTARES_COMMON Version 1.00.00.3574, Apr 02 2014, 11:01:34
         Deltares, DELFTIO Version 1.09.00.3574, Apr 02 2014, 11:02:04
         Deltares, NEFIS Version 5.07.02.3574, Apr  2 2014, 11:01:25
#                                                     
# Grid aggregation and coupling modules               
#                                                     
C:\Program Files (x86)\Deltares\Delft3D 4.01.00\win32\waq\bin\coup203.exe
         Deltares, DELTARES_COMMON Version 0.01.00.2113, Jan 18 2013, 09:42:52
         Intel Fortran RTL Message Catalog	V12.1-110 Apr 04 2012
         Deltares, NEFIS Version 5.06.01.2113M, Jan 18 2013, 09:42:42
         Deltares, COUP203 Version 2.48.09.25853, Jan 18 2013, 09:42:45
         Deltares, DELFTIO Version 1.08.00.2113, Jan 18 2013, 09:42:42
C:\Program Files (x86)\Deltares\Delft3D 4.01.00\win32\waq\bin\coupsds.exe
         Intel Fortran RTL Message Catalog	V12.1-110 Apr 04 2012
         Deltares, COUPSDS Version 1.02.03.25853, Jan 18 2013, 09:42:51
C:\Program Files (x86)\Deltares\Delft3D 4.01.00\win32\waq\bin\ddcouple.exe
         Intel Fortran RTL Message Catalog	V13.1-101 Aug 09 2012
         Deltares, DDCOUPLE Version 1.02.00.34082, Jun 12 2014, 16:29:11
#                                                     
# Particle tracking module PART                       
#                                                     
C:\Program Files (x86)\Deltares\Delft3D 4.01.00\win32\part\bin\part_gui.exe
         Deltares, Delft3D PART-GUI, Version 2.27.00, Mar 23 2011, 10:01:35
         WL | Delft Hydraulics, Delft3D library: xyseries, version 1.02.04, Mar 23 2011
         WL | Delft Hydraulics, Authorisation module, Version 5.00.00, May 31 2007, 16:28:43
          FLEXnet Licensing v11.3.0.0 build 28877 (lmgr.lib), Copyright (c) 1988-2006 Macrovision Europe Ltd. and/or Macrovision Corporation. All Rights Reserved.
         Deltares, Delft3D Library: Editor (Visualisation Area), version 3.00.00, Mar 23 2011
         Deltares, Delft3D Library: Editor (Visualisation Area), version 3.00.00, Mar 23 2011
         Deltares, Delft3D Library: Editor (Visualisation Area), version 3.00.00, Mar 23 2011
         Deltares, Delft3D Library: Editor (Visualisation Area), version 3.00.00, Mar 23 2011
         Deltares, Delft3D Library: Editor (Visualisation Area), version 3.00.00, Mar 23 2011
         Deltares, Delft3D Library: Editor (Visualisation Area), version 3.00.00, Mar 23 2011
         Deltares, NEFIS Version 5.06.00.10567, Feb 16 2010, 15:50:11
C:\Program Files (x86)\Deltares\Delft3D 4.01.00\win32\part\bin\delpar.exe
         Intel Fortran RTL Message Catalog	V12.1-110 Apr 04 2012
         Deltares, NEFIS Version 5.07.02.3575, Apr 14 2014, 10:39:40
         Deltares, PART Version 3.76.0.33151, Apr  1 2014, 15:45:04
#                                                     
# Far-field water quality module WAQ                  
#                                                     
C:\Program Files (x86)\Deltares\Delft3D 4.01.00\win32\waq\bin\plct.exe
         Deltares, Processes Library Configuration Tool, Version  5.04.01.29071, win32, Release, Jul  8 2013, 15:56:49
          Delft3D-WAQ-algsub 4.3711, 29 June 2000      
         Deltares, NEFIS Version 5.06.00.10567, Feb 16 2010, 15:50:11
C:\Program Files (x86)\Deltares\Delft3D 4.01.00\win32\waq\bin\waq_gui.exe
         yaccpar	6.16	99/01/20 SMI
         ncform	6.12	97/12/08 SMI
         yaccpar	6.16	99/01/20 SMI
         yaccpar    6.16    99/01/20 SMI
         ncform	6.12	97/12/08 SMI
         yaccpar	6.16	99/01/20 SMI
         ncform	6.11	97/01/06 SMI
         yaccpar	6.16	99/01/20 SMI
         ncform	6.11	97/01/06 SMI
         yaccpar	6.16	99/01/20 SMI
         Deltares, Delft3D-WAQ GUI, version 3.32.15, May  1 2014, 11:27:38
         Deltares, Delft3D library: xyseries, version 1.02.03, September 2003
         Deltares, Delft3D Library: Editor (Visualisation Area), version 2.03, Oct  3 2011
         Deltares, Delft3D Library: Editor (Visualisation Area), version 2.03, Nov 22 2012
         Deltares, Delft3D Library: Editor (Visualisation Area), version 2.03, Oct  3 2011
         Deltares, Delft3D Library: Editor (Visualisation Area), version 2.03, Oct  3 2011
         Deltares, Delft3D Library: Editor (Visualisation Area), version 2.03, Oct  3 2011
         Deltares, Delft3D Library: Editor (Visualisation Area), version 2.03, Oct  3 2011
         Deltares, NEFIS Version 5.06.00.10567, Feb 16 2010, 15:50:11
C:\Program Files (x86)\Deltares\Delft3D 4.01.00\win32\waq\bin\delwaq1_lib.dll
         Deltares, PART Version 3.76.0.33151, Apr  1 2014, 15:45:04
         Deltares, NEFIS Version 5.07.02.3575, Apr  1 2014, 15:45:13
         Deltares, DELWAQ1 Version 5.01.03.3575, Apr  1 2014, 15:45:05
C:\Program Files (x86)\Deltares\Delft3D 4.01.00\win32\waq\bin\delwaq2_lib.dll
         Deltares, DELFTIO Version 1.09.00.3575, Apr 01 2014, 15:45:23
         Deltares, PART Version 3.76.0.33151, Apr  1 2014, 15:45:04
         Deltares, NEFIS Version 5.07.02.3575, Apr  1 2014, 15:45:13
         Deltares, DELWAQ2 Version 5.01.03.3575, Apr  1 2014, 15:45:05
#                                                        
# Far-field water quality module WAQ, additional tools   
#                                                        
C:\Program Files (x86)\Deltares\Delft3D 4.01.00\win32\waq\bin\nestwq1.exe
         Intel Fortran RTL Message Catalog	V12.1-110 Apr 04 2012
         Deltares, NESTWQ1 Version 2.04.02.31075, Nov 19 2013, 14:14:47
C:\Program Files (x86)\Deltares\Delft3D 4.01.00\win32\waq\bin\nestwq2.exe
         Intel Fortran RTL Message Catalog	V12.1-110 Apr 04 2012
         Deltares, NESTWQ2 Version 2.04.00.31075, Nov 19 2013, 14:14:59
#                                                     
# Postprocessing modules                              
#                                                     
C:\Program Files (x86)\Deltares\Delft3D 4.01.00\win32\gpp\bin\gpp.exe
         ncform	6.11	97/01/06 SMI
         yaccpar	6.16	99/01/20 SMI
         ncform	6.11	97/01/06 SMI
         yaccpar	6.16	99/01/20 SMI
         ncform	6.11	97/01/06 SMI
         yaccpar	6.16	99/01/20 SMI
         ncform	6.11	97/01/06 SMI
         yaccpar	6.16	99/01/20 SMI
         ncform	6.11	97/01/06 SMI
         yaccpar	6.16	99/01/20 SMI
         ncform	6.11	97/01/06 SMI
         yaccpar	6.16	99/01/20 SMI
         Deltares, Delft3D-GPP Version 2.13.01.27955, May 15 2013, 13:48:28
         Deltares, Delft3D-GPP Version 2.13.01.27955, May 15 2013, 13:48:27
         Deltares, Delft3D-GPP Version 2.13.01.27955, May 15 2013, 13:48:27
         Deltares, NEFIS Version 5.05.00.9757, Jan 18 2010, 14:01:28
C:\Program Files (x86)\Deltares\Delft3D 4.01.00\win32\quickplot\bin\d3d_qp.version
         Deltares, Delft3D-QUICKPLOT, Version 2.16.03085, 04-Nov-2013 12:30:37
C:\Program Files (x86)\Deltares\Delft3D 4.01.00\win32\quickplot\bin\ecoplot.exe
C:\Program Files (x86)\Deltares\Delft3D 4.01.00\win32\delft3d_matlab\Contents.m
         Deltares, Delft3D-MATLAB interface, Version 2.16.03085, Nov 04 2013 12:30:3.73e+01
C:\Program Files (x86)\Deltares\Delft3D 4.01.00\win32\plugins\bin\gisview.dll
         Intel Fortran RTL Message Catalog	V14.0-103 Apr 10 2014
         Deltares, DELTARES_COMMON Version 1.00.00.3599, Jun 17 2014, 15:16:01
         Deltares, GISVIEW Version 4.05.00.34496, Jun 17 2014, 15:15:57
C:\Program Files (x86)\Deltares\Delft3D 4.01.00\win32\plugins\bin\exe\d3d-shape.dll
         Deltares, Delft3D-GPP (version 2.13.00, December 2010)
         Deltares, Delft3D-GPP (version 2.13.00, December 2010)
         Deltares, NEFIS Version 5.07.00.2877, Aug 29 2013, 10:56:03
         Deltares, D3D_SHAPE Version 2.02.01.32167M, Feb 13 2014, 13:44:58
C:\Program Files (x86)\Deltares\Delft3D 4.01.00\win32\plugins\bin\exe\delft3d2shape.exe
         Deltares, Delft3D2Shape Version 1.01.00.32167M, Feb 13 2014, 13:45:04
#                                                     
# Postprocessing modules, additonal tools             
#                                                     
C:\Program Files (x86)\Deltares\Delft3D 4.01.00\win32\util\bin\vs.exe
         Deltares, ViewerSelector Version 2.04.00.3574, Apr  2 2014, 11:31:00
         Deltares, NEFIS Version 5.07.02.3574, Apr  2 2014, 11:01:25
C:\Program Files (x86)\Deltares\Delft3D 4.01.00\win32\util\bin\vsi.exe
          Versie 2.00
         Deltares, VSI Version 2.01.02.32968, Mar 25 2014, 10:05:07
         Deltares, NEFIS Version 5.07.02.3563, Mar 25 2014, 09:58:00
#                                                     
# Miscellaneous                                       
#                                                     
C:\Program Files (x86)\Deltares\Delft3D 4.01.00\win32\menu\bin\d3d_filsel.exe
         Deltares, Delft3D-FILSEL Version 3.03.00.32951M, Mar 25 2014, 09:30:14
C:\Program Files (x86)\Deltares\Delft3D 4.01.00\win32\menu\bin\d3d_menu.exe
         Deltares, Authorisation module, Version 5.05.00., Nov 11 2013, 15:47:58
          FlexNet Licensing v11.12.0.0 build 136775 (ipv6) i86_n3 (lmgr.lib), Copyright (c) 1988-2013 Flexera Software LLC. All Rights Reserved.
         Deltares, Delft3D-MENU Version 3.03.00.32951M, Mar 25 2014, 09:30:14
C:\Program Files (x86)\Deltares\Delft3D 4.01.00\win32\menu\bin\d3dtmpl.tcl
         Deltares, Delft3D-d3dtmpl, Version 2.07.00; Jul 02 2010
C:\Program Files (x86)\Deltares\Delft3D 4.01.00\win32\menu\bin\hyd_online.tcl
         Deltares, Delft3D-hyd_online, Version 2.02.00; Jun 06, 2013
C:\Program Files (x86)\Deltares\Delft3D 4.01.00\win32\menu\bin\runcmd.tcl
         Deltares, Delft3D-runcmd, Version 1.04.03; Apr 30 2014
C:\Program Files (x86)\Deltares\Delft3D 4.01.00\win32\menu\bin\runconsole.tcl
         Deltares, Delft3D-runconsole, Version 1.02.00; Jan 06 2011
C:\Program Files (x86)\Deltares\Delft3D 4.01.00\win32\menu\bin\runsimple.tcl
         Deltares, Delft3D-runsimple, Version 1.00.01; May 21 2010
C:\Program Files (x86)\Deltares\Delft3D 4.01.00\win32\menu\bin\runhidden.tcl
         Deltares, Delft3D-runhidden, Version 1.00.00; Jan 7, 2010
C:\Program Files (x86)\Deltares\Delft3D 4.01.00\win32\menu\bin\select_hyd.tcl
         Deltares, Delft3D-select_hyd, Version 1.01.00; Aug 19 2010
C:\Program Files (x86)\Deltares\Delft3D 4.01.00\win32\menu\bin\select_wave.tcl
         Deltares, Delft3D-select_wave, Version 1.01.00; Aug 19 2013
C:\Program Files (x86)\Deltares\Delft3D 4.01.00\win32\menu\bin\viewfile.tcl
         Deltares, Delft3D-viewfile, Version 1.05.01; Dec 06 2010
C:\Program Files (x86)\Deltares\Delft3D 4.01.00\win32\menu\bin\wave.tcl
         Deltares, Delft3D-wave, Version 1.05.00; Apr 04 2013
C:\Program Files (x86)\Deltares\Delft3D 4.01.00\win32\menu\default\d3d_menu.xml
         Deltares, Delft3D d3d_menu.xml, Version 4.01.00; Apr 10, 2014
C:\Program Files (x86)\Deltares\Delft3D 4.01.00\win32\waq\bin\install_open_proc_lib.tcl
         Deltares, Delft3D-install-open-proc-lib, Version 1.01.00; Oct 31 2008
C:\Program Files (x86)\Deltares\Delft3D 4.01.00\win32\waq\bin\restore_d3d_proc_lib.tcl
         Deltares, Delft3D-restore-delft3d-proc-lib, Version 1.01.00; Oct 31 2008
C:\Program Files (x86)\Deltares\Delft3D 4.01.00\win32\waq\bin\start_compiler.tcl
         Deltares, Delft3D-start-compiler, Version 1.03.00; Mar 07 2013
C:\Program Files (x86)\Deltares\Delft3D 4.01.00\win32\plugins\bin\mfe_app.exe
         Deltares, MFE_APP Version 4.61.00.34495, Jun 17 2014, 14:29:17
C:\Program Files (x86)\Deltares\Delft3D 4.01.00\win32\plugins\bin\MfeArcGis10.UI.dll
C:\Program Files (x86)\Deltares\Delft3D 4.01.00\win32\plugins\bin\NativeMfeApi.Net.dll
C:\Program Files (x86)\Deltares\Delft3D 4.01.00\win32\plugins\bin\NativeMfeApiCpp.dll
